// Jest Snapshot v1, https://goo.gl/fbAQLP

exports[`test serialize 1`] = `"{\\"authorizedKeyIds\\":[\\"key2\\",\\"key1\\"],\\"expectedEndProducts\\":[{\\"destinationPathPrefix\\":\\"destinationPathPrefix\\",\\"destinationSegmentName\\":\\"destinationSegmentName\\",\\"destinationStepName\\":\\"destinationStepName\\",\\"destinationType\\":\\"PRODUCTS\\",\\"pattern\\":\\"MatchFiler\\",\\"ruleType\\":\\"MATCH\\",\\"sourcePathPrefix\\":\\"sourcePathPrefix\\"}],\\"keys\\":[{\\"algorithm\\":\\"EC\\",\\"keyId\\":\\"keyId\\",\\"publicKey\\":\\"MIIBIjANBgkqhkiG9w0BAQEFAAOCAQ8AMIIBCgKCAQEAoDIw5p3LYjFLr+JFvWOz0KQ22x538O2BoQO4e4EorYYkSMHn00pabqAQ9z6+nA+l43+Jxb5eJrHoroV4YZN8WDMsjY0eB1Q1K6hl3SHgeqTvA2i2GlpDg7zLRnP9YWbUwbWP+UWtRFK0x1lCCkSmxsP2HAom/T11/MMd/kitVt0rGsq8wQH7PLsOZ8zPh4sQ0iyCVLil6+VF6zsT83dKFocdfZWAywkQ6sVZbuzFCe+pLQktwTz1Ir8mMQi6sPh57b5yyFCSVstK1lKf+OQTtuuQzYz2bvpr9zkXr0O80IdTXOnoO1vM1lJuRPT3J0Zcr2nYdbmIskp4ZQyezXMqawIDAQAB\\"}],\\"layoutSegments\\":[{\\"name\\":\\"segment 1\\",\\"steps\\":[{\\"authorizedKeyIds\\":[\\"step a key 2\\",\\"step a key 1\\"],\\"expectedMaterials\\":[],\\"expectedProducts\\":[{\\"pattern\\":\\"DisAllowRule\\",\\"ruleType\\":\\"DISALLOW\\"},{\\"destinationPathPrefix\\":\\"destinationPathPrefix\\",\\"destinationSegmentName\\":\\"segment 1\\",\\"destinationStepName\\":\\"destinationStepName\\",\\"destinationType\\":\\"MATERIALS\\",\\"pattern\\":\\"MatchRule\\",\\"ruleType\\":\\"MATCH\\",\\"sourcePathPrefix\\":\\"sourcePathPrefix\\"}],\\"name\\":\\"step a\\",\\"requiredNumberOfLinks\\":23},{\\"authorizedKeyIds\\":[\\"key2\\",\\"key1\\"],\\"expectedMaterials\\":[{\\"pattern\\":\\"AllowRule\\",\\"ruleType\\":\\"ALLOW\\"},{\\"pattern\\":\\"RequireRule\\",\\"ruleType\\":\\"REQUIRE\\"}],\\"expectedProducts\\":[{\\"pattern\\":\\"CreateRule\\",\\"ruleType\\":\\"CREATE\\"},{\\"pattern\\":\\"ModifyRule\\",\\"ruleType\\":\\"MODIFY\\"}],\\"name\\":\\"step b\\",\\"requiredNumberOfLinks\\":1}]}]}"`;
